[sn694097.wixstudio.com/my-site.html]
[static.parastorage.com/unpkg/@formatjs/intl-segmenter@11.7.10/polyfill.iife.js]
[static.parastorage.com/unpkg/core-js-bundle@3.2.1/minified.js]
[static.parastorage.com/unpkg/focus-within-polyfill@5.0.9/dist/focus-within-polyfill.js]
[sn694097.wixstudio.com/index.html]
[sn694097.wixstudio.com/t.4.delayed]
[sn694097.wixstudio.com/e.5.delayed]
[backblue.gif]
[fade.gif]
[index.html]
[sn694097.wixstudio.com/my-site/blog-feed.xml]
[sn694097.wixstudio.com/my-site/resources.html]
[sn694097.wixstudio.com/my-site/contact.html]
[static.wixstatic.com/media/c837a6_1cf1ee5676c54e53b60e6b695c13dc55f000.png/v1/fill/w_160,h_61,al_c,q_85,usm_0.66_1.00_0.01,blur_3,enc_avif,quality_auto/c837a6_1cf1ee5676c54e53b60e6b695c13dc55f000.png]
[static.wixstatic.com/media/c837a6_b93a40a80a2043e4be7724bc25cae842_mv2.png/v1/fill/w_49,h_50,al_c,q_85,usm_0.66_1.00_0.01,blur_2,enc_avif,quality_auto/Screenshot 2024-08-14 at 10_09_02-02.png]
[static.wixstatic.com/media/c837a6_42789ae9acec4c0b81f3bafc01527381_mv2.png/v1/fill/w_49,h_35,al_c,q_85,usm_0.66_1.00_0.01,blur_2,enc_avif,quality_auto/Screenshot 2024-08-14 at 14_13_20-2.png]
[static.wixstatic.com/media/c837a6_44745c4a16b9417381ab40bee42cfa1bf000.png/v1/fill/w_96,h_90,al_c,q_85,usm_0.66_1.00_0.01,blur_3,enc_avif,quality_auto/c837a6_44745c4a16b9417381ab40bee42cfa1bf000.png]
[static.wixstatic.com/media/c837a6_65f763d6cb5a42a48865bc6948dc8afff000.png/v1/fill/w_90,h_90,al_c,q_85,usm_0.66_1.00_0.01,blur_3,enc_avif,quality_auto/c837a6_65f763d6cb5a42a48865bc6948dc8afff000.png]
[static.wixstatic.com/media/c837a6_7d9fc5413dd14ef590ff456bc1458add_mv2.png/v1/fill/w_49,h_48,al_c,q_85,usm_0.66_1.00_0.01,blur_2,enc_avif,quality_auto/Screenshot 2024-08-14 at 10_16_43-2.png]
[static.wixstatic.com/media/c837a6_fde62dd539f4485ab4c88352f8433f0df000.jpg/v1/fill/w_160,h_83,al_c,q_80,usm_0.66_1.00_0.01,blur_3,enc_avif,quality_auto/c837a6_fde62dd539f4485ab4c88352f8433f0df000.jpg]
[static.wixstatic.com/media/c837a6_398761c98a64476cbde32d3b6100a956f000.png/v1/fill/w_160,h_61,al_c,q_85,usm_0.66_1.00_0.01,blur_3,enc_avif,quality_auto/c837a6_398761c98a64476cbde32d3b6100a956f000.png]
[static.wixstatic.com/media/c837a6_df8b6d312b02483492de459c49ea8697_mv2.png/v1/fill/w_49,h_37,al_c,q_85,usm_0.66_1.00_0.01,blur_2,enc_avif,quality_auto/Screenshot 2024-08-14 at 14_12_21-2.png]
[static.wixstatic.com/media/c837a6_aa45557a88ee4407b50c97f8bb7ffad8f000.png/v1/fill/w_139,h_90,al_c,q_85,usm_0.66_1.00_0.01,blur_3,enc_avif,quality_auto/c837a6_aa45557a88ee4407b50c97f8bb7ffad8f000.png]
[browser.sentry-cdn.com/7.120.3/bundle.tracing.es5.min.js]
[browser.sentry-cdn.com/7.120.3/modulemetadata.es5.min.js]
[sn694097.wixstudio.com/api/index.html]
[sn694097.wixstudio.com/envelope/index.html]
[sn694097.wixstudio.com/sitemap.15.delayed]
[sn694097.wixstudio.com/feed.16.delayed]
[static.parastorage.com/services/wix-thunderbolt/dist/thunderbolt-commons.83ebd468.bundle.min.js]
[static.parastorage.com/services/wix-thunderbolt/dist/main.349e879a.bundle.min.js]
[static.parastorage.com/services/wix-thunderbolt/dist/main.renderer.f600e767.bundle.min.js]
[static.parastorage.com/unpkg/lodash@4.17.21/lodash.min.js]
[static.parastorage.com/unpkg/react@18.3.1/umd/react.production.min.js]
[static.parastorage.com/unpkg/react-dom@18.3.1/umd/react-dom.production.min.js]
[static.parastorage.com/services/wix-thunderbolt/dist/browser-deprecation.bundle.es5.js]
[sn694097.wixstudio.com/decodeURIComponent(e.1e.delayed]
[static.parastorage.com/services/tag-manager-client/1.1028.0/siteTags.bundle.min.js]
[sn694097.wixstudio.com/my-site.html]
[sn694097.wixstudio.com/index.html]
[sn694097.wixstudio.com/t.html]
[sn694097.wixstudio.com/e.html]
[sn694097.wixstudio.com/my-site/t.20.delayed]
[sn694097.wixstudio.com/my-site/e.21.delayed]
[sn694097.wixstudio.com/my-site/robots.22.delayed]
[sn694097.wixstudio.com/my-site/sitemap.xml]
[sn694097.wixstudio.com/my-site/feed.24.delayed]
[static.parastorage.com/services/communities-blog-ooi/1.3055.0/BlogViewerWidgetNoCss.bundle.min.js]
[sn694097.wixstudio.com/my-site/decodeURIComponent(e.26.delayed]
[sn694097.wixstudio.com/my-site/resources.html]
[static.parastorage.com/services/form-app/1.2175.0/client-viewer/1642.chunk.min.js]
[static.parastorage.com/services/form-app/1.2175.0/client-viewer/7197.chunk.min.js]
[static.parastorage.com/services/form-app/1.2175.0/client-viewer/6498.chunk.min.js]
[static.parastorage.com/services/form-app/1.2175.0/client-viewer/7384.chunk.min.js]
[static.parastorage.com/services/form-app/1.2175.0/client-viewer/6927.chunk.min.js]
[static.parastorage.com/services/form-app/1.2175.0/client-viewer/form-app-contacts-phone.chunk.min.js]
[static.parastorage.com/services/form-app/1.2175.0/client-viewer/form-app-text-area.chunk.min.js]
[static.wixstatic.com/media/c837a6_b623ad346ce34cb39b687b1596e246e8f000.png/v1/fill/w_85,h_90,al_c,q_85,usm_0.66_1.00_0.01,blur_3,enc_avif,quality_auto/c837a6_b623ad346ce34cb39b687b1596e246e8f000.png]
[sn694097.wixstudio.com/my-site/contact.html]
[sn694097.wixstudio.com/api/index.html]
[sn694097.wixstudio.com/envelope/index.html]
[sn694097.wixstudio.com/sitemap.html]
[sn694097.wixstudio.com/feed.html]
[sn694097.wixstudio.com/decodeURIComponent(e.html]
[sn694097.wixstudio.com/my-site/t.html]
[sn694097.wixstudio.com/my-site/e.html]
[sn694097.wixstudio.com/my-site/robots.html]
[sn694097.wixstudio.com/my-site/feed.html]
[sn694097.wixstudio.com/my-site/decodeURIComponent(e.html]
[static.parastorage.com/services/form-app/1.2175.0/FormViewerWidgetNoCss.bundle.min.js]
